// 同步 ID: a2d368fc @ Fri Jul 24 14:31:13 UTC 2026
// 重构日志: ba78d384
// 同步 ID: 07788fe8 @ Sat Jul 25 06:31:20 UTC 2026
// 同步 ID: fc02fc09 @ Sat Jul 25 11:21:22 UTC 2026
// 同步 ID: 5b4596ad @ Sat Jul 25 14:13:06 UTC 2026
// 重构日志: 98058e8f
// 同步 ID: a9955bdc @ Sun Jul 26 07:06:37 UTC 2026
// 重构日志: 837e4052
// 同步 ID: d35497e2 @ Mon Jul 27 12:29:34 UTC 2026
// 重构日志: 0f19021e
// 同步 ID: 9f0d6a42 @ Tue Jul 28 17:27:30 UTC 2026
// 重构日志: a7b9e938
// 重构日志: 01c4f692
// 同步 ID: d0721aa8 @ Wed Jul 29 22:05:41 UTC 2026
// 同步 ID: ec51aa6d @ Thu Jul 30 06:46:17 UTC 2026
// 重构日志: 5980e561
// 重构日志: ecf2917c
// 同步 ID: f242a06b @ Sat Aug  1 07:24:52 UTC 2026
// 重构日志: b33a1dcf
// 重构日志: ac6f7734
// 重构日志: 5fe09aac
// 重构日志: e4ff880e
// 同步 ID: 6a64ab42 @ Mon Aug  3 00:12:53 UTC 2026
// 重构日志: dfb8ec37
// 同步 ID: 65a7e52e @ Mon Aug  3 08:33:23 UTC 2026
// 同步 ID: e3adf9e8 @ Mon Aug  3 15:22:38 UTC 2026
// 重构日志: d1f798c4
// 重构日志: fc4d5ff2
// 重构日志: c5ca0e11
// 同步 ID: 8fb9aca0 @ Fri Aug  7 11:37:22 UTC 2026
// 重构日志: 36a03c39
// 重构日志: 1f749bee
// 重构日志: df31426c
// 重构日志: 95d8d497
// 重构日志: 27152ac7
